# ── Row 4 ──────────────────────────────
keycode 183 = exclam           # 0xb7 → !

# ── Row 0 ──────────────────────────────
keycode 184 = at               # 0xb8 → @
keycode 185 = numbersign       # 0xb9 → #
keycode 186 = dollar           # 0xba → $
keycode 187 = percent          # 0xbb → %
keycode 188 = asciicircum      # 0xbc → ^
keycode 189 = ampersand        # 0xbd → &
keycode 190 = asterisk         # 0xbe → *
keycode 191 = parenleft        # 0xbf → (
keycode 192 = parenright       # 0xc0 → )

# ── Row 1 ──────────────────────────────
keycode 193 = asciitilde       # 0xc1 → ~
keycode 194 = grave            # 0xc2 → `
keycode 195 = plus             # 0xc3 → +
keycode 196 = minus            # 0xc4 → -
keycode 197 = slash            # 0xc5 → /
keycode 198 = backslash        # 0xc6 → \
keycode 199 = braceleft        # 0xc7 → {
keycode 200 = braceright       # 0xc8 → }
keycode 201 = bracketleft      # 0xc9 → [
keycode 202 = bracketright     # 0xca → ]


# ── Row 2 ──────────────────────────────
keycode 231 = comma            # 0xe7 → ,
keycode 232 = period           # 0xe8 → .
keycode 233 = bar              # 0xe9 → |
keycode 209 = equal            # 0xd1 → =
keycode 210 = colon            # 0xd2 → :
keycode 211 = semicolon        # 0xd3 → ;
keycode 212 = underscore       # 0xd4 → _
keycode 213 = question         # 0xd5 → ?



# ── Row 3 ──────────────────────────────
keycode 214 = less             # 0xd6 → <
keycode 215 = greater          # 0xd7 → >
keycode 216 = apostrophe       # 0xd8 → '
keycode 217 = quotedbl         # 0xd9 → "

